lisp/changelog.txt
lisp/readme.txt
lisp/inc/lisp.bi
lisp/inc/lisp_err.bi
lisp/lib/liblisp.a
lisp/license.txt
lisp/src/lisp.bas
lisp/src/lisp_ctx.bas
lisp/src/lisp_ctx.bi
lisp/src/lisp_eval.bas
lisp/src/lisp_eval.bi
lisp/src/lisp_funcs.bas
lisp/src/lisp_funcs.bi
lisp/src/lisp_int.bas
lisp/src/lisp_int.bi
lisp/src/lisp_lexer.bas
lisp/src/lisp_lexer.bi
lisp/src/lisp_object.bas
lisp/src/lisp_object.bi
lisp/src/lisp_objects.bas
lisp/src/lisp_objects.bi
lisp/src/lisp_parser.bas
lisp/src/lisp_parser.bi
lisp/src/lisp_runtime.bi
lisp/src/lisp_runtime_console.bas
lisp/src/lisp_runtime_data.bas
lisp/src/lisp_runtime_list.bas
lisp/src/lisp_runtime_math.bas
lisp/src/lisp_runtime_prog.bas
lisp/src/lisp_runtime_system.bas
lisp/src/makefile
lisp/src/obj/deleteme.txt
lisp/examples/bindfunc.bas
lisp/examples/hello.bas
lisp/examples/lisp/append.lsp
lisp/examples/lisp/factorial.lsp
lisp/examples/lisp/hanoi.lsp
lisp/examples/lisp/hello.lsp
lisp/examples/lisp/lisp.lsp
lisp/examples/lispdemo.bas
lisp/examples/makefile
lisp/examples/printout.bas
lisp/examples/runlisp.bas
lisp/tests/assert.lsp
lisp/tests/bool_op.lsp
lisp/tests/branch.lsp
lisp/tests/eq.lsp
lisp/tests/list.lsp
lisp/tests/mathcomp.lsp
lisp/tests/mathops.lsp
lisp/tests/progn.lsp
lisp/tests/tests.lsp
lisp/tests/types.lsp
